<html>
<body>
<pre>
<h1>µVision Build Log</h1>
<h2>Project:</h2>
C:\Users\acer\Documents\4th year\ESRTOS\RTOS lab\adc to gpio\lab_gpio.uvproj
Project File Date:  12/06/2020

<h2>Output:</h2>
Build target 'Target 1'
assembling Startup.s...
compiling adcgpio.c...
adcgpio.c(37): warning:  #1-D: last line of file ends without a newline
  }
adcgpio.c: 1 warning, 0 errors
linking...
Program Size: Code=528 RO-data=16 RW-data=0 ZI-data=1256  
".\lab_gpio.axf" - 0 Error(s), 1 Warning(s).
</pre>
</body>
</html>
